
> secure-enterprise-dashboard@1.0.0 build
> react-scripts build

Creating an optimized production build...
Compiled successfully.

File sizes after gzip:

  59.85 kB (-1 B)  build\static\js\main.d544ff8b.js
  6.15 kB          build\static\css\main.25ed824c.css

The project was built assuming it is hosted at /.
You can control this with the homepage field in your package.json.

The build folder is ready to be deployed.
You may serve it with a static server:

  npm install -g serve
  serve -s build

Find out more about deployment here:

  https://cra.link/deployment

